[INFO] Scanning for projects...
[ERROR] [ERROR] Could not find the selected project in the reactor: backend @ 
[ERROR] Could not find the selected project in the reactor: backend -> [Help 1]
[ERROR] 
[ERROR] To see the full stack trace of the errors, re-run Maven with the -e switch.
[ERROR] Re-run Maven using the -X switch to enable full debug logging.
[ERROR] 
[ERROR] For more information about the errors and possible solutions, please read the following articles:
[ERROR] [Help 1] http://cwiki.apache.org/confluence/display/MAVEN/MavenExecutionException
