[INFO] Scanning for projects...
[INFO] 
[INFO] ----------------< com.krishihub:kisan-sarathi-backend >-----------------
[INFO] Building Kisan Sarathi Backend 1.0.0
[INFO] --------------------------------[ jar ]---------------------------------
[INFO] 
[INFO] --- maven-clean-plugin:3.3.2:clean (default-clean) @ kisan-sarathi-backend ---
[INFO] Deleting C:\workspace\krishi-bazaar-nepal\backend\target
[INFO] 
[INFO] --- maven-resources-plugin:3.3.1:resources (default-resources) @ kisan-sarathi-backend ---
[INFO] Copying 2 resources from src\main\resources to target\classes
[INFO] Copying 26 resources from src\main\resources to target\classes
[INFO] 
[INFO] --- maven-compiler-plugin:3.11.0:compile (default-compile) @ kisan-sarathi-backend ---
[INFO] Changes detected - recompiling the module! :source
[INFO] Compiling 311 source files with javac [debug release 17] to target\classes
[INFO] Annotation processing is enabled because one or more processors were found
  on the class path. A future release of javac may disable annotation processing
  unless at least one processor is specified by name (-processor), or a search
  path is specified (--processor-path, --processor-module-path), or annotation
  processing is enabled explicitly (-proc:only, -proc:full).
  Use -Xlint:-options to suppress this message.
  Use -proc:none to disable annotation processing.
[INFO] -------------------------------------------------------------
[ERROR] COMPILATION ERROR : 
[INFO] -------------------------------------------------------------
[ERROR] /C:/workspace/krishi-bazaar-nepal/backend/src/main/java/com/krishihub/payment/controller/PaymentController.java:[23,1] illegal start of type
[ERROR] /C:/workspace/krishi-bazaar-nepal/backend/src/main/java/com/krishihub/payment/controller/PaymentController.java:[23,54] <identifier> expected
[ERROR] /C:/workspace/krishi-bazaar-nepal/backend/src/main/java/com/krishihub/marketplace/controller/MarketplaceController.java:[27,1] illegal start of type
[ERROR] /C:/workspace/krishi-bazaar-nepal/backend/src/main/java/com/krishihub/marketplace/controller/MarketplaceController.java:[27,54] <identifier> expected
[ERROR] /C:/workspace/krishi-bazaar-nepal/backend/src/main/java/com/krishihub/auth/controller/AuthController.java:[49,1] illegal start of type
[ERROR] /C:/workspace/krishi-bazaar-nepal/backend/src/main/java/com/krishihub/auth/controller/AuthController.java:[49,54] <identifier> expected
[ERROR] /C:/workspace/krishi-bazaar-nepal/backend/src/main/java/com/krishihub/auth/controller/AuthController.java:[50,1] illegal start of type
[ERROR] /C:/workspace/krishi-bazaar-nepal/backend/src/main/java/com/krishihub/auth/controller/AuthController.java:[50,22] <identifier> expected
[ERROR] /C:/workspace/krishi-bazaar-nepal/backend/src/main/java/com/krishihub/diagnosis/controller/AIDiagnosisController.java:[28,1] illegal start of type
[ERROR] /C:/workspace/krishi-bazaar-nepal/backend/src/main/java/com/krishihub/diagnosis/controller/AIDiagnosisController.java:[28,54] <identifier> expected
[ERROR] /C:/workspace/krishi-bazaar-nepal/backend/src/main/java/com/krishihub/diagnosis/controller/AIDiagnosisController.java:[29,1] illegal start of type
[ERROR] /C:/workspace/krishi-bazaar-nepal/backend/src/main/java/com/krishihub/diagnosis/controller/AIDiagnosisController.java:[29,47] <identifier> expected
[ERROR] /C:/workspace/krishi-bazaar-nepal/backend/src/main/java/com/krishihub/messaging/controller/MessagingController.java:[34,1] illegal start of type
[ERROR] /C:/workspace/krishi-bazaar-nepal/backend/src/main/java/com/krishihub/messaging/controller/MessagingController.java:[34,54] <identifier> expected
[ERROR] /C:/workspace/krishi-bazaar-nepal/backend/src/main/java/com/krishihub/order/controller/OrderController.java:[24,1] illegal start of type
[ERROR] /C:/workspace/krishi-bazaar-nepal/backend/src/main/java/com/krishihub/order/controller/OrderController.java:[24,54] <identifier> expected
[INFO] 16 errors 
[INFO] -------------------------------------------------------------
[INFO] ------------------------------------------------------------------------
[INFO] BUILD FAILURE
[INFO] ------------------------------------------------------------------------
[INFO] Total time:  18.930 s
[INFO] Finished at: 2026-01-02T08:53:31+05:45
[INFO] ------------------------------------------------------------------------
[ERROR] Failed to execute goal org.apache.maven.plugins:maven-compiler-plugin:3.11.0:compile (default-compile) on project kisan-sarathi-backend: Compilation failure: Compilation failure: 
[ERROR] /C:/workspace/krishi-bazaar-nepal/backend/src/main/java/com/krishihub/payment/controller/PaymentController.java:[23,1] illegal start of type
[ERROR] /C:/workspace/krishi-bazaar-nepal/backend/src/main/java/com/krishihub/payment/controller/PaymentController.java:[23,54] <identifier> expected
[ERROR] /C:/workspace/krishi-bazaar-nepal/backend/src/main/java/com/krishihub/marketplace/controller/MarketplaceController.java:[27,1] illegal start of type
[ERROR] /C:/workspace/krishi-bazaar-nepal/backend/src/main/java/com/krishihub/marketplace/controller/MarketplaceController.java:[27,54] <identifier> expected
[ERROR] /C:/workspace/krishi-bazaar-nepal/backend/src/main/java/com/krishihub/auth/controller/AuthController.java:[49,1] illegal start of type
[ERROR] /C:/workspace/krishi-bazaar-nepal/backend/src/main/java/com/krishihub/auth/controller/AuthController.java:[49,54] <identifier> expected
[ERROR] /C:/workspace/krishi-bazaar-nepal/backend/src/main/java/com/krishihub/auth/controller/AuthController.java:[50,1] illegal start of type
[ERROR] /C:/workspace/krishi-bazaar-nepal/backend/src/main/java/com/krishihub/auth/controller/AuthController.java:[50,22] <identifier> expected
[ERROR] /C:/workspace/krishi-bazaar-nepal/backend/src/main/java/com/krishihub/diagnosis/controller/AIDiagnosisController.java:[28,1] illegal start of type
[ERROR] /C:/workspace/krishi-bazaar-nepal/backend/src/main/java/com/krishihub/diagnosis/controller/AIDiagnosisController.java:[28,54] <identifier> expected
[ERROR] /C:/workspace/krishi-bazaar-nepal/backend/src/main/java/com/krishihub/diagnosis/controller/AIDiagnosisController.java:[29,1] illegal start of type
[ERROR] /C:/workspace/krishi-bazaar-nepal/backend/src/main/java/com/krishihub/diagnosis/controller/AIDiagnosisController.java:[29,47] <identifier> expected
[ERROR] /C:/workspace/krishi-bazaar-nepal/backend/src/main/java/com/krishihub/messaging/controller/MessagingController.java:[34,1] illegal start of type
[ERROR] /C:/workspace/krishi-bazaar-nepal/backend/src/main/java/com/krishihub/messaging/controller/MessagingController.java:[34,54] <identifier> expected
[ERROR] /C:/workspace/krishi-bazaar-nepal/backend/src/main/java/com/krishihub/order/controller/OrderController.java:[24,1] illegal start of type
[ERROR] /C:/workspace/krishi-bazaar-nepal/backend/src/main/java/com/krishihub/order/controller/OrderController.java:[24,54] <identifier> expected
[ERROR] -> [Help 1]
[ERROR] 
[ERROR] To see the full stack trace of the errors, re-run Maven with the -e switch.
[ERROR] Re-run Maven using the -X switch to enable full debug logging.
[ERROR] 
[ERROR] For more information about the errors and possible solutions, please read the following articles:
[ERROR] [Help 1] http://cwiki.apache.org/confluence/display/MAVEN/MojoFailureException
