[INFO] Scanning for projects...
[INFO] 
[INFO] ----------------< com.krishihub:kisan-sarathi-backend >-----------------
[INFO] Building Kisan Sarathi Backend 1.0.0
[INFO] --------------------------------[ jar ]---------------------------------
[INFO] 
[INFO] --- maven-resources-plugin:3.3.1:resources (default-resources) @ kisan-sarathi-backend ---
[INFO] Copying 3 resources from src\main\resources to target\classes
[INFO] Copying 26 resources from src\main\resources to target\classes
[INFO] 
[INFO] --- maven-compiler-plugin:3.11.0:compile (default-compile) @ kisan-sarathi-backend ---
[INFO] Nothing to compile - all classes are up to date
[INFO] 
[INFO] --- maven-resources-plugin:3.3.1:testResources (default-testResources) @ kisan-sarathi-backend ---
[INFO] skip non existing resourceDirectory C:\workspace\krishi-bazaar-nepal\backend\src\test\resources
[INFO] 
[INFO] --- maven-compiler-plugin:3.11.0:testCompile (default-testCompile) @ kisan-sarathi-backend ---
[INFO] Nothing to compile - all classes are up to date
[INFO] 
[INFO] --- maven-surefire-plugin:3.1.2:test (default-test) @ kisan-sarathi-backend ---
[INFO] Using auto detected provider org.apache.maven.surefire.junitplatform.JUnitPlatformProvider
[INFO] 
[INFO] -------------------------------------------------------
[INFO]  T E S T S
[INFO] -------------------------------------------------------
[INFO] Running com.krishihub.marketprice.service.MarketPriceServiceTest
16:19:37.725 [main] INFO com.krishihub.marketprice.service.MarketPriceService -- Market price added: Tomato Big in Kathmandu on 2026-01-03
[INFO] Tests run: 2, Failures: 0, Errors: 0, Skipped: 0, Time elapsed: 11.45 s -- in com.krishihub.marketprice.service.MarketPriceServiceTest
[INFO] 
[INFO] Results:
[INFO] 
[INFO] Tests run: 2, Failures: 0, Errors: 0, Skipped: 0
[INFO] 
[INFO] ------------------------------------------------------------------------
[INFO] BUILD SUCCESS
[INFO] ------------------------------------------------------------------------
[INFO] Total time:  35.940 s
[INFO] Finished at: 2026-01-03T16:19:38+05:45
[INFO] ------------------------------------------------------------------------
